This should work
234892
This should fail
An error occurred
Done
